cjgui macOS application host: toolchain=project-default home=/Users/<user>/cangjie-toolchains/cangjie-1.1.3 version=Cangjie Compiler: 1.1.3 (cjnative)
cjgui macOS application host: source_origin runtime=$MATERIAL_WORK/candidate/runtime/cjgui native=$MATERIAL_WORK/candidate/runtime/cjgui/native dependency_cjgui=$MATERIAL_WORK/candidate/runtime/cjgui dependency_core=$MATERIAL_WORK/candidate/runtime/cjgui/shared_operation_core
cjgui macOS application host: resource_origin=$MATERIAL_WORK/candidate/runtime/cjgui/resources/composable-beacon.png
$MATERIAL_WORK/candidate/runtime/cjgui/native/cjgui_internal_renderer.m:17164:44: warning: incompatible pointer types initializing 'CJGuiInternalComposableInputProxy *' with an expression of type 'NSTextView *' [-Wincompatible-pointer-types]
 17164 |         CJGuiInternalComposableInputProxy *proxy = overlay.inputProxy;
       |                                            ^       ~~~~~~~~~~~~~~~~~~
$MATERIAL_WORK/candidate/runtime/cjgui/native/cjgui_internal_renderer.m:17283:44: warning: incompatible pointer types initializing 'CJGuiInternalComposableInputProxy *' with an expression of type 'NSTextView *' [-Wincompatible-pointer-types]
 17283 |         CJGuiInternalComposableInputProxy *proxy=overlay.inputProxy;
       |                                            ^     ~~~~~~~~~~~~~~~~~~
$MATERIAL_WORK/candidate/runtime/cjgui/native/cjgui_internal_renderer.m:17478:44: warning: incompatible pointer types initializing 'CJGuiInternalComposableInputProxy *' with an expression of type 'NSTextView *' [-Wincompatible-pointer-types]
 17478 |         CJGuiInternalComposableInputProxy *proxy = overlay.inputProxy;
       |                                            ^       ~~~~~~~~~~~~~~~~~~
$MATERIAL_WORK/candidate/runtime/cjgui/native/cjgui_internal_renderer.m:25854:11: warning: 'allowedFileTypes' is deprecated: first deprecated in macOS 12.0 - Use -allowedContentTypes instead [-Wdeprecated-declarations]
 25854 |     panel.allowedFileTypes = @[ @"cjgui-rules" ];
       |           ^
/Library/Developer/CommandLineTools/SDKs/MacOSX.sdk/System/Library/Frameworks/AppKit.framework/Headers/NSSavePanel.h:289:49: note: 'allowedFileTypes' has been explicitly marked deprecated here
  289 | @property (nullable, copy) NSArray<NSString *> *allowedFileTypes API_DEPRECATED("Use -allowedContentTypes instead", macos(10.3,12.0));
      |                                                 ^
$MATERIAL_WORK/candidate/runtime/cjgui/native/cjgui_internal_renderer.m:25864:11: warning: 'allowedFileTypes' is deprecated: first deprecated in macOS 12.0 - Use -allowedContentTypes instead [-Wdeprecated-declarations]
 25864 |     panel.allowedFileTypes = @[ @"cjgui-rules" ];
       |           ^
/Library/Developer/CommandLineTools/SDKs/MacOSX.sdk/System/Library/Frameworks/AppKit.framework/Headers/NSSavePanel.h:289:49: note: 'allowedFileTypes' has been explicitly marked deprecated here
  289 | @property (nullable, copy) NSArray<NSString *> *allowedFileTypes API_DEPRECATED("Use -allowedContentTypes instead", macos(10.3,12.0));
      |                                                 ^
$MATERIAL_WORK/candidate/runtime/cjgui/native/cjgui_internal_renderer.m:37120:52: warning: variable length array folded to constant array as an extension [-Wgnu-folding-constant]
 37120 | static CjguiOwnerPumpTicket gCjguiOwnerPumpTickets[kCjguiSessionCapacity];
       |                                                    ^~~~~~~~~~~~~~~~~~~~~
6 warnings generated.
$MATERIAL_WORK/candidate/runtime/cjgui/native/cjgui_native_bridge.m:5487:35: warning: 'currentAppearance' is deprecated: first deprecated in macOS 12.0 - Use -performAsCurrentDrawingAppearance: to temporarily set the drawing appearance, or +currentDrawingAppearance to access the currently drawing appearance. [-Wdeprecated-declarations]
 5487 |         appearance = NSAppearance.currentAppearance;
      |                                   ^
/Library/Developer/CommandLineTools/SDKs/MacOSX.sdk/System/Library/Frameworks/AppKit.framework/Headers/NSAppearance.h:28:58: note: property 'currentAppearance' is declared deprecated here
   28 | @property (class, null_resettable, strong) NSAppearance *currentAppearance API_DEPRECATED("Use -performAsCurrentDrawingAppearance: to temporarily set the drawing appearance, or +currentDrawingAppearance to access the currently drawing appearance.", macos(10.9, 12.0));
      |                                                          ^
/Library/Developer/CommandLineTools/SDKs/MacOSX.sdk/System/Library/Frameworks/AppKit.framework/Headers/NSAppearance.h:28:58: note: 'currentAppearance' has been explicitly marked deprecated here
$MATERIAL_WORK/candidate/runtime/cjgui/native/cjgui_native_bridge.m:5487:35: warning: 'setCurrentAppearance:' is deprecated: first deprecated in macOS 12.0 - Use -performAsCurrentDrawingAppearance: to temporarily set the drawing appearance, or +currentDrawingAppearance to access the currently drawing appearance. [-Wdeprecated-declarations]
 5487 |         appearance = NSAppearance.currentAppearance;
      |                                   ^
/Library/Developer/CommandLineTools/SDKs/MacOSX.sdk/System/Library/Frameworks/AppKit.framework/Headers/NSAppearance.h:28:58: note: property 'currentAppearance' is declared deprecated here
   28 | @property (class, null_resettable, strong) NSAppearance *currentAppearance API_DEPRECATED("Use -performAsCurrentDrawingAppearance: to temporarily set the drawing appearance, or +currentDrawingAppearance to access the currently drawing appearance.", macos(10.9, 12.0));
      |                                                          ^
/Library/Developer/CommandLineTools/SDKs/MacOSX.sdk/System/Library/Frameworks/AppKit.framework/Headers/NSAppearance.h:28:58: note: 'setCurrentAppearance:' has been explicitly marked deprecated here
2 warnings generated.
cjgui macOS application host: native_archive=rebuilt
cjgui macOS application host: framework_native_archive=rebuilt
warning: unused import 'std.collection.*'
 ==> $MATERIAL_WORK/candidate/runtime/cjgui/shared_operation_core/src/shared_field_write_rule.cj:3:1:
  |
3 | import std.collection.*
  | ^^^^^^^^^^^^^^^^^^^^^^^ unused import
  |
  # note: this warning can be suppressed by setting the compiler option `-Woff unused`

warning: unused import 'std.sync.*'
 ==> $MATERIAL_WORK/candidate/runtime/cjgui/shared_operation_core/src/shared_operation_snapshot_lease.cj:5:1:
  |
5 | import std.sync.*
  | ^^^^^^^^^^^^^^^^^ unused import
  |
  # note: this warning can be suppressed by setting the compiler option `-Woff unused`

warning: unused import 'std.env.*'
 ==> $MATERIAL_WORK/candidate/runtime/cjgui/shared_operation_core/src/shared_operation_transport.cj:6:1:
  |
6 | import std.env.*
  | ^^^^^^^^^^^^^^^^ unused import
  |
  # note: this warning can be suppressed by setting the compiler option `-Woff unused`

warning: unused import 'std.collection.*'
 ==> $MATERIAL_WORK/candidate/runtime/cjgui/shared_operation_core/src/shared_text_document_snapshot.cj:3:1:
  |
3 | import std.collection.*
  | ^^^^^^^^^^^^^^^^^^^^^^^ unused import
  |
  # note: this warning can be suppressed by setting the compiler option `-Woff unused`

warning: function 'chmod' is deprecated.
    ==> $MATERIAL_WORK/candidate/runtime/cjgui/shared_operation_core/src/shared_operation_transport.cj:1626:17:
     |
1626 |             if (chmod(directory.toString(), 0o700u32) != 0) {
     |                 ^^^^^ deprecated
     |
     # note: this warning can be suppressed by setting the compiler option `-Woff deprecated`

warning: function 'chmod' is deprecated.
    ==> $MATERIAL_WORK/candidate/runtime/cjgui/shared_operation_core/src/shared_operation_transport.cj:1640:17:
     |
1640 |             if (chmod(socketPath, 0o600u32) != 0) {
     |                 ^^^^^ deprecated
     |
     # note: this warning can be suppressed by setting the compiler option `-Woff deprecated`

warning: function 'chmod' is deprecated.
    ==> $MATERIAL_WORK/candidate/runtime/cjgui/shared_operation_core/src/shared_operation_transport.cj:1653:17:
     |
1653 |             if (chmod(descriptorPath, 0o600u32) != 0) {
     |                 ^^^^^ deprecated
     |
     # note: this warning can be suppressed by setting the compiler option `-Woff deprecated`

warning: unused variable:'state'
  ==> $MATERIAL_WORK/candidate/runtime/cjgui/shared_operation_core/src/shared_field_write_rule.cj:47:28:
   |
47 |     func stateRejectionFor(state: CjguiSharedFieldState): String {
   |                            ^^^^^ unused variable
   |
   # note: this warning can be suppressed by setting the compiler option `-Woff unused`

warning: unused function:'systemClock'
   ==> $MATERIAL_WORK/candidate/runtime/cjgui/shared_operation_core/src/shared_operation_snapshot_lease.cj:158:5:
    |
158 |       func systemClock(): CjguiSharedOperationSnapshotClock {
    |  _____^
159 | |         return this.clock
160 | |     }
    | |_____^ unused function
    |
    # note: this warning can be suppressed by setting the compiler option `-Woff unused`

warning: unused variable:'token'
   ==> $MATERIAL_WORK/candidate/runtime/cjgui/shared_operation_core/src/shared_operation_contract.cj:403:33:
    |
403 |     func candidateTicketPayload(token: Int64): String {
    |                                 ^^^^^ unused variable
    |
    # note: this warning can be suppressed by setting the compiler option `-Woff unused`

warning: unused variable:'streamEpoch'
   ==> $MATERIAL_WORK/candidate/runtime/cjgui/shared_operation_core/src/shared_operation_contract.cj:416:25:
    |
416 |     func changesPayload(streamEpoch: Int64, cursor: Int64): String {
    |                         ^^^^^^^^^^^ unused variable
    |
    # note: this warning can be suppressed by setting the compiler option `-Woff unused`

warning: unused variable:'cursor'
   ==> $MATERIAL_WORK/candidate/runtime/cjgui/shared_operation_core/src/shared_operation_contract.cj:416:45:
    |
416 |     func changesPayload(streamEpoch: Int64, cursor: Int64): String {
    |                                             ^^^^^^ unused variable
    |
    # note: this warning can be suppressed by setting the compiler option `-Woff unused`

warning: unused variable:'section'
   ==> $MATERIAL_WORK/candidate/runtime/cjgui/shared_operation_core/src/shared_operation_contract.cj:423:25:
    |
423 |     func sectionPayload(section: String, expectedCursor: Int64): String {
    |                         ^^^^^^^ unused variable
    |
    # note: this warning can be suppressed by setting the compiler option `-Woff unused`

warning: unused variable:'expectedCursor'
   ==> $MATERIAL_WORK/candidate/runtime/cjgui/shared_operation_core/src/shared_operation_contract.cj:423:42:
    |
423 |     func sectionPayload(section: String, expectedCursor: Int64): String {
    |                                          ^^^^^^^^^^^^^^ unused variable
    |
    # note: this warning can be suppressed by setting the compiler option `-Woff unused`

14 warnings generated, 14 warnings printed.
warning: unused import 'std.env.*'
  ==> $MATERIAL_WORK/candidate/runtime/cjgui/src/composable_ui_generated.cj:12:1:
   |
12 | import std.env.*
   | ^^^^^^^^^^^^^^^^ unused import
   |
   # note: this warning can be suppressed by setting the compiler option `-Woff unused`

warning: unused import 'cjgui_shared_operation_core.*'
 ==> $MATERIAL_WORK/candidate/runtime/cjgui/src/windows_application_host.cj:3:1:
  |
3 | import cjgui_shared_operation_core.*
  | ^^^^^^^^^^^^^^^^^^^^^^^^^^^^^^^^^^^^ unused import
  |
  # note: this warning can be suppressed by setting the compiler option `-Woff unused`

warning: unused variable:'translatedState'
   ==> $MATERIAL_WORK/candidate/runtime/cjgui/src/composable_ui_animation.cj:275:9:
    |
275 |         translatedState!: Bool) {
    |         ^^^^^^^^^^^^^^^ unused variable
    |
    # note: this warning can be suppressed by setting the compiler option `-Woff unused`

warning: unused variable:'context'
   ==> $MATERIAL_WORK/candidate/runtime/cjgui/src/composable_ui_composite_component.cj:297:32:
    |
297 |     public func buildComposite(context: CjguiCompositeBuildContext): CjguiComposableUiNode {
    |                                ^^^^^^^ unused variable
    |
    # note: this warning can be suppressed by setting the compiler option `-Woff unused`

warning: unused variable:'priorError'
   ==> $MATERIAL_WORK/candidate/runtime/cjgui/src/composable_ui_tree.cj:397:13:
    |
397 |         let priorError = lastErrorValue
    |             ^^^^^^^^^^ unused variable
    |
    # note: this warning can be suppressed by setting the compiler option `-Woff unused`

warning: unused variable:'node'
   ==> $MATERIAL_WORK/candidate/runtime/cjgui/src/composable_ui_window.cj:647:35:
    |
647 |     func dataTransferOwnerVersion(node: CjguiComposableUiLayoutNode): Int64 { return -1 }
    |                                   ^^^^ unused variable
    |
    # note: this warning can be suppressed by setting the compiler option `-Woff unused`

warning: unused variable:'nodeId'
   ==> $MATERIAL_WORK/candidate/runtime/cjgui/src/composable_ui_window.cj:648:29:
    |
648 |     func rejectDataTransfer(nodeId: Int64, eventKind: Int64, reason: String): CjguiComposableUiDispatchResult {
    |                             ^^^^^^ unused variable
    |
    # note: this warning can be suppressed by setting the compiler option `-Woff unused`

warning: unused variable:'eventKind'
   ==> $MATERIAL_WORK/candidate/runtime/cjgui/src/composable_ui_window.cj:648:44:
    |
648 |     func rejectDataTransfer(nodeId: Int64, eventKind: Int64, reason: String): CjguiComposableUiDispatchResult {
    |                                            ^^^^^^^^^ unused variable
    |
    # note: this warning can be suppressed by setting the compiler option `-Woff unused`

warning: unused variable:'reason'
   ==> $MATERIAL_WORK/candidate/runtime/cjgui/src/composable_ui_window.cj:648:62:
    |
648 |     func rejectDataTransfer(nodeId: Int64, eventKind: Int64, reason: String): CjguiComposableUiDispatchResult {
    |                                                              ^^^^^^ unused variable
    |
    # note: this warning can be suppressed by setting the compiler option `-Woff unused`

warning: unused variable:'requestId'
   ==> $MATERIAL_WORK/candidate/runtime/cjgui/src/composable_ui_window.cj:745:34:
    |
745 |     func contextMenuRequestEnded(requestId: Int64, reason: String): Unit { }
    |                                  ^^^^^^^^^ unused variable
    |
    # note: this warning can be suppressed by setting the compiler option `-Woff unused`

warning: unused variable:'reason'
   ==> $MATERIAL_WORK/candidate/runtime/cjgui/src/composable_ui_window.cj:745:52:
    |
745 |     func contextMenuRequestEnded(requestId: Int64, reason: String): Unit { }
    |                                                    ^^^^^^ unused variable
    |
    # note: this warning can be suppressed by setting the compiler option `-Woff unused`

warning: unused variable:'lo'
    ==> $MATERIAL_WORK/candidate/runtime/cjgui/src/text_session.cj:1258:13:
     |
1258 |         let lo = if (anchor16 <= focus16) { anchor16 } else { focus16 }
     |             ^^ unused variable
     |
     # note: this warning can be suppressed by setting the compiler option `-Woff unused`

warning: unused variable:'hi'
    ==> $MATERIAL_WORK/candidate/runtime/cjgui/src/text_session.cj:1259:13:
     |
1259 |         let hi = if (anchor16 <= focus16) { focus16 } else { anchor16 }
     |             ^^ unused variable
     |
     # note: this warning can be suppressed by setting the compiler option `-Woff unused`

warning: unused variable:'path'
    ==> $MATERIAL_WORK/candidate/runtime/cjgui/src/composable_ui_generated.cj:1690:72:
     |
1690 |     private func validateImageResource(node: CjguiGeneratedUiNodeSpec, path: String): ?String {
     |                                                                        ^^^^ unused variable
     |
     # note: this warning can be suppressed by setting the compiler option `-Woff unused`

warning: unused variable:'path'
    ==> $MATERIAL_WORK/candidate/runtime/cjgui/src/composable_ui_generated.cj:1725:95:
     |
1725 |     private func validatePropertyValue(property: CjguiGeneratedUiPropertySpec, value: String, path: String): ?String {
     |                                                                                               ^^^^ unused variable
     |
     # note: this warning can be suppressed by setting the compiler option `-Woff unused`

warning: unused variable:'path'
    ==> $MATERIAL_WORK/candidate/runtime/cjgui/src/composable_ui_generated.cj:1820:103:
     |
1820 |     private func validateBinding(node: CjguiGeneratedUiNodeSpec, spec: CjguiGeneratedUiComponentSpec, path: String): ?String {
     |                                                                                                       ^^^^ unused variable
     |
     # note: this warning can be suppressed by setting the compiler option `-Woff unused`

warning: unused variable:'fieldId'
    ==> $MATERIAL_WORK/candidate/runtime/cjgui/src/composable_ui_generated.cj:1953:28:
     |
1953 |     func fieldAvailability(fieldId: String): CjguiSharedAvailability {
     |                            ^^^^^^^ unused variable
     |
     # note: this warning can be suppressed by setting the compiler option `-Woff unused`

warning: unused variable:'actionName'
    ==> $MATERIAL_WORK/candidate/runtime/cjgui/src/composable_ui_generated.cj:1958:29:
     |
1958 |     func actionAvailability(actionName: String): CjguiSharedAvailability {
     |                             ^^^^^^^^^^ unused variable
     |
     # note: this warning can be suppressed by setting the compiler option `-Woff unused`

warning: unused variable:'provider'
    ==> $MATERIAL_WORK/candidate/runtime/cjgui/src/composable_ui_generated.cj:2588:61:
     |
2588 |     public func submit(candidate: CjguiGeneratedUiNodeSpec, provider: CjguiGeneratedUiBindingProvider,
     |                                                             ^^^^^^^^ unused variable
     |
     # note: this warning can be suppressed by setting the compiler option `-Woff unused`

warning: unreachable block in 'if' expression
    ==> $MATERIAL_WORK/candidate/runtime/cjgui/src/composable_ui_window.cj:3019:38:
     |
3019 |             if (startupTraceStarted) { endOwnerTraceTurn(startupTraceTurn, startupTraceSpan) }
     |                                      ^^^^^^^^^^^^^^^^^^^^^^^^^^^^^^^^^^^^^^^^^^^^^^^^^^^^^^^^^ unreachable block in 'if' expression
     |
     # note: this warning can be suppressed by setting the compiler option `-Woff unused`

warning: unused variable:'session'
    ==> $MATERIAL_WORK/candidate/runtime/cjgui/src/runtime_renderer_session.cj:4200:48:
     |
4200 | func internalRendererRequestCloseBeforeDestroy(session: UInt64): Unit {}
     |                                                ^^^^^^^ unused variable
     |
     # note: this warning can be suppressed by setting the compiler option `-Woff unused`

warning: unused function:'cjguiTextGeometryCaretStatus'
    ==> $MATERIAL_WORK/candidate/runtime/cjgui/src/composable_ui_window.cj:6600:5:
     |
6600 |       private func cjguiTextGeometryCaretStatus(nodeId: Int64, displayByte: Int64): Int32 {
     |  _____^
6601 | |         return cjguiTextGeometryCaretStatus(this.sessionToken, nodeId, displayByte, 1.0,
     | | ...
6603 | |     }
     | |_____^ unused function
     |
     # note: this warning can be suppressed by setting the compiler option `-Woff unused`

warning: unreachable block in 'if' expression
    ==> $MATERIAL_WORK/candidate/runtime/cjgui/src/composable_ui_window.cj:7813:36:
     |
7813 |               if (acceptedCandidate) {
     |  ____________________________________^
7814 | |                 // Do not invoke participant rollback after native present or
     | | ...
7821 | |             }
     | |_____________^ unreachable block in 'if' expression
     |
     # note: this warning can be suppressed by setting the compiler option `-Woff unused`

warning: unused function:'frozenBindingStillOwned'
     ==> $MATERIAL_WORK/candidate/runtime/cjgui/src/composable_ui_window.cj:15739:5:
      |
15739 |       private func frozenBindingStillOwned(frozen: CjguiTextSession, epochFrozen!: UInt64): Bool {
      |  _____^
15740 | |         // 绑定代次（每次重绑/释放/呈现面切换推进）+ 窗口当前拥有的会话仍绑定在
      | | ...
15750 | |     }
      | |_____^ unused function
      |
      # note: this warning can be suppressed by setting the compiler option `-Woff unused`

24 warnings generated, 24 warnings printed.
warning: unused import 'std.unicode.*'
  ==> $MATERIAL_WORK/generated-app/src/generated_region.cj:20:1:
   |
20 | import std.unicode.*
   | ^^^^^^^^^^^^^^^^^^^^ unused import
   |
   # note: this warning can be suppressed by setting the compiler option `-Woff unused`

warning: unused import 'std.unicode.*'
 ==> $MATERIAL_WORK/generated-app/src/main.cj:9:1:
  |
9 | import std.unicode.*
  | ^^^^^^^^^^^^^^^^^^^^ unused import
  |
  # note: this warning can be suppressed by setting the compiler option `-Woff unused`

warning: unused import 'cjgui_shared_operation_core.*'
  ==> $MATERIAL_WORK/generated-app/src/task_edit_card.cj:14:1:
   |
14 | import cjgui_shared_operation_core.*
   | ^^^^^^^^^^^^^^^^^^^^^^^^^^^^^^^^^^^^ unused import
   |
   # note: this warning can be suppressed by setting the compiler option `-Woff unused`

warning: unused function:'definition'
   ==> $MATERIAL_WORK/generated-app/src/generated_region.cj:250:5:
    |
250 |       public static func definition(): CjguiSharedFormBinding {
    |  _____^
251 | |         let descriptors = ArrayList<CjguiSharedFormFieldDescriptor>()
    | | ...
257 | |     }
    | |_____^ unused function
    |
    # note: this warning can be suppressed by setting the compiler option `-Woff unused`

warning: unused function:'withdrawNamedStyle'
   ==> $MATERIAL_WORK/generated-app/src/generated_region.cj:521:5:
    |
521 |       public func withdrawNamedStyle(name: String): Bool {
    |  _____^
522 | |         return synchronized(lock) {
    | | ...
529 | |     }
    | |_____^ unused function
    |
    # note: this warning can be suppressed by setting the compiler option `-Woff unused`

warning: unused function:'namedStyle'
   ==> $MATERIAL_WORK/generated-app/src/generated_region.cj:532:5:
    |
532 |       public func namedStyle(name: String): ?CjguiComposableUiNamedStyle {
    |  _____^
533 | |         return synchronized(lock) { catalog.namedStyles().forName(name) }
534 | |     }
    | |_____^ unused function
    |
    # note: this warning can be suppressed by setting the compiler option `-Woff unused`

warning: unused function:'acceptedWindowBackground'
   ==> $MATERIAL_WORK/generated-app/src/generated_region.cj:934:5:
    |
934 |       public func acceptedWindowBackground(): String {
    |  _____^
935 | |         return holder.acceptedWindowBackground()
936 | |     }
    | |_____^ unused function
    |
    # note: this warning can be suppressed by setting the compiler option `-Woff unused`

warning: unused function:'lastDeclarationAdvisory'
   ==> $MATERIAL_WORK/generated-app/src/generated_region.cj:958:5:
    |
958 |       public func lastDeclarationAdvisory(): String {
    |  _____^
959 | |         return synchronized(lock) { holder.lastDeclarationAdvisory() }
960 | |     }
    | |_____^ unused function
    |
    # note: this warning can be suppressed by setting the compiler option `-Woff unused`

warning: unused function:'animationObservation'
    ==> $MATERIAL_WORK/generated-app/src/generated_region.cj:1200:5:
     |
1200 |       public func animationObservation(): String {
     |  _____^
1201 | |         let window = match (attachedWindow) {
     | | ...
1225 | |     }
     | |_____^ unused function
     |
     # note: this warning can be suppressed by setting the compiler option `-Woff unused`

warning: unused variable:'nodeKey'
    ==> $MATERIAL_WORK/generated-app/src/generated_region.cj:1441:51:
     |
1441 |     public func executeAction(actionName: String, nodeKey: String): CjguiGeneratedUiActionResult {
     |                                                   ^^^^^^^ unused variable
     |
     # note: this warning can be suppressed by setting the compiler option `-Woff unused`

warning: unused function:'acceptedTransferEndpointsPayload'
    ==> $MATERIAL_WORK/generated-app/src/generated_region.cj:1743:5:
     |
1743 |       public func acceptedTransferEndpointsPayload(): String {
     |  _____^
1744 | |         let endpoints = acceptedTransferEndpoints()
     | | ...
1754 | |     }
     | |_____^ unused function
     |
     # note: this warning can be suppressed by setting the compiler option `-Woff unused`

warning: unused function:'acceptedTransferMetadataPayload'
    ==> $MATERIAL_WORK/generated-app/src/generated_region.cj:1759:5:
     |
1759 |       public func acceptedTransferMetadataPayload(): String {
     |  _____^
1760 | |         return synchronized(lock) {
     | | ...
1774 | |     }
     | |_____^ unused function
     |
     # note: this warning can be suppressed by setting the compiler option `-Woff unused`

warning: unused function:'workspacePage'
    ==> $MATERIAL_WORK/generated-app/src/generated_region.cj:1925:5:
     |
1925 |       public func workspacePage(): String {
     |  _____^
1926 | |         return synchronized(lock) { holder.tabsStateForInstance("board", "task").activeKey() }
1927 | |     }
     | |_____^ unused function
     |
     # note: this warning can be suppressed by setting the compiler option `-Woff unused`

warning: unused function:'selectWorkspacePage'
    ==> $MATERIAL_WORK/generated-app/src/generated_region.cj:1932:5:
     |
1932 |       public func selectWorkspacePage(pageKey: String): Bool {
     |  _____^
1933 | |         return synchronized(lock) {
     | | ...
1940 | |     }
     | |_____^ unused function
     |
     # note: this warning can be suppressed by setting the compiler option `-Woff unused`

warning: unused function:'testWorkCounts'
    ==> $MATERIAL_WORK/generated-app/src/generated_region.cj:2018:5:
     |
2018 |       public func testWorkCounts(): String {
     |  _____^
2019 | |         return synchronized(lock) {
     | | ...
2023 | |     }
     | |_____^ unused function
     |
     # note: this warning can be suppressed by setting the compiler option `-Woff unused`

warning: unused function:'testResetWorkCounts'
    ==> $MATERIAL_WORK/generated-app/src/generated_region.cj:2025:5:
     |
2025 |       public func testResetWorkCounts(): Unit {
     |  _____^
2026 | |         synchronized(lock) {
     | | ...
2032 | |     }
     | |_____^ unused function
     |
     # note: this warning can be suppressed by setting the compiler option `-Woff unused`

warning: unused function:'acceptedTransferCandidate'
    ==> $MATERIAL_WORK/generated-app/src/generated_region.cj:2126:5:
     |
2126 |       private func acceptedTransferCandidate(): CjguiTaskGeneratedTransferCandidate {
     |  _____^
2127 | |         let candidate = CjguiTaskGeneratedTransferCandidate()
     | | ...
2132 | |     }
     | |_____^ unused function
     |
     # note: this warning can be suppressed by setting the compiler option `-Woff unused`

warning: unused function:'acceptedCompositeElement'
    ==> $MATERIAL_WORK/generated-app/src/generated_region.cj:2510:5:
     |
2510 |       public func acceptedCompositeElement(instanceKey: String, elementKey: String):
     |  _____^
2511 | |         ?CjguiCompositeElementBinding {
     | | ...
2518 | |     }
     | |_____^ unused function
     |
     # note: this warning can be suppressed by setting the compiler option `-Woff unused`

warning: unused function:'acceptedCompositeElementSummary'
    ==> $MATERIAL_WORK/generated-app/src/generated_region.cj:2534:5:
     |
2534 |       public func acceptedCompositeElementSummary(instanceKey: String, elementKey: String): String {
     |  _____^
2535 | |         for (binding in holder.compositeElementNodeIdsForKey(instanceKey)) {
     | | ...
2541 | |     }
     | |_____^ unused function
     |
     # note: this warning can be suppressed by setting the compiler option `-Woff unused`

19 warnings generated, 19 warnings printed.
cjpm build success
$MATERIAL_WORK/generated-app/.cjgui/bundle-staging/CJGUIContestGenerated20261007.app.fSPdkU: replacing existing signature
